  Determining projects to restore...
  All projects are up-to-date for restore.
  TimeAttendanceSystem.Domain -> D:\Work\AI Code\TimeAttendanceSystem\src\Domain\TimeAttendanceSystem.Domain\bin\Debug\net9.0\TimeAttendanceSystem.Domain.dll
  TimeAttendanceSystem.Shared -> D:\Work\AI Code\TimeAttendanceSystem\src\Shared\TimeAttendanceSystem.Shared\bin\Debug\net9.0\TimeAttendanceSystem.Shared.dll
  TimeAttendanceSystem.Application -> D:\Work\AI Code\TimeAttendanceSystem\src\Application\TimeAttendanceSystem.Application\bin\Debug\net9.0\TimeAttendanceSystem.Application.dll
D:\Work\AI Code\TimeAttendanceSystem\src\Tests\TimeAttendanceSystem.Application.UnitTests\Workflows\WorkflowEngineConditionTests.cs(47,9): warning CS8602: Dereference of a possibly null reference. [D:\Work\AI Code\TimeAttendanceSystem\src\Tests\TimeAttendanceSystem.Application.UnitTests\TimeAttendanceSystem.Application.UnitTests.csproj]
D:\Work\AI Code\TimeAttendanceSystem\src\Tests\TimeAttendanceSystem.Application.UnitTests\Workflows\WorkflowEngineConditionTests.cs(55,98): warning CS8602: Dereference of a possibly null reference. [D:\Work\AI Code\TimeAttendanceSystem\src\Tests\TimeAttendanceSystem.Application.UnitTests\TimeAttendanceSystem.Application.UnitTests.csproj]
D:\Work\AI Code\TimeAttendanceSystem\src\Tests\TimeAttendanceSystem.Application.UnitTests\Scenarios\WeeklyHoursScenarioTests.cs(91,32): error CS0104: 'WorkLocationType' is an ambiguous reference between 'TimeAttendanceSystem.Domain.Attendance.WorkLocationType' and 'TimeAttendanceSystem.Domain.Common.WorkLocationType' [D:\Work\AI Code\TimeAttendanceSystem\src\Tests\TimeAttendanceSystem.Application.UnitTests\TimeAttendanceSystem.Application.UnitTests.csproj]
D:\Work\AI Code\TimeAttendanceSystem\src\Tests\TimeAttendanceSystem.Application.UnitTests\Scenarios\WeeklyHoursScenarioTests.cs(125,26): error CS0246: The type or namespace name 'ReportFilter' could not be found (are you missing a using directive or an assembly reference?) [D:\Work\AI Code\TimeAttendanceSystem\src\Tests\TimeAttendanceSystem.Application.UnitTests\TimeAttendanceSystem.Application.UnitTests.csproj]
D:\Work\AI Code\TimeAttendanceSystem\src\Tests\TimeAttendanceSystem.Application.UnitTests\Workflows\WorkflowEngineConditionTests.cs(77,9): warning CS8602: Dereference of a possibly null reference. [D:\Work\AI Code\TimeAttendanceSystem\src\Tests\TimeAttendanceSystem.Application.UnitTests\TimeAttendanceSystem.Application.UnitTests.csproj]
D:\Work\AI Code\TimeAttendanceSystem\src\Tests\TimeAttendanceSystem.Application.UnitTests\Workflows\WorkflowEngineConditionTests.cs(95,9): warning CS8602: Dereference of a possibly null reference. [D:\Work\AI Code\TimeAttendanceSystem\src\Tests\TimeAttendanceSystem.Application.UnitTests\TimeAttendanceSystem.Application.UnitTests.csproj]
D:\Work\AI Code\TimeAttendanceSystem\src\Tests\TimeAttendanceSystem.Application.UnitTests\Workflows\WorkflowEngineConditionTests.cs(114,9): warning CS8602: Dereference of a possibly null reference. [D:\Work\AI Code\TimeAttendanceSystem\src\Tests\TimeAttendanceSystem.Application.UnitTests\TimeAttendanceSystem.Application.UnitTests.csproj]
